[2026-04-11 00:01:27] START  7s_cifar10_smoke
2026-04-11 00:01:29 | INFO     | Campaign=cifar_smoke_test  experiments=8  timestamp=20260411_000129
2026-04-11 00:01:29 | INFO     | ======================================================================
2026-04-11 00:01:29 | INFO     | START [1/8] cifar10-lt-g100-eta0.3-fast-s42 / sdlpp_baseline / knn
2026-04-11 00:01:29 | INFO     | Split 1/3  train=5954  test=1489
/opt/miniconda3/lib/python3.13/site-packages/joblib/externals/loky/backend/context.py:131: UserWarning: Could not find the number of physical cores for the following reason:
invalid literal for int() with base 10: ''
Returning the number of logical cores instead. You can silence this warning by setting LOKY_MAX_CPU_COUNT to the number of cores you want to use.
  warnings.warn(
  File "/opt/miniconda3/lib/python3.13/site-packages/joblib/externals/loky/backend/context.py", line 249, in _count_physical_cores
    cpu_count_physical = _count_physical_cores_darwin()
  File "/opt/miniconda3/lib/python3.13/site-packages/joblib/externals/loky/backend/context.py", line 318, in _count_physical_cores_darwin
    return int(cpu_info)
2026-04-11 00:02:51 | INFO     | SDLPP fit: 10/10 iters, stop=max_iter, dim 3072->1843
2026-04-11 00:03:01 | INFO     |   overall=0.4077  balanced=0.1388
2026-04-11 00:03:01 | INFO     | Split 2/3  train=5954  test=1489
2026-04-11 00:04:23 | INFO     | SDLPP fit: 10/10 iters, stop=max_iter, dim 3072->1843
2026-04-11 00:04:33 | INFO     |   overall=0.4083  balanced=0.1395
2026-04-11 00:04:33 | INFO     | Split 3/3  train=5954  test=1489
2026-04-11 00:05:56 | INFO     | SDLPP fit: 10/10 iters, stop=max_iter, dim 3072->1843
2026-04-11 00:06:07 | INFO     |   overall=0.4030  balanced=0.1371
2026-04-11 00:06:07 | INFO     | DONE  [1/8] cifar10-lt-g100-eta0.3-fast-s42 / sdlpp_baseline / knn | 277.8s | overall=0.4063  balanced=0.1385
2026-04-11 00:06:07 | INFO     | ======================================================================
2026-04-11 00:06:07 | INFO     | START [2/8] cifar10-lt-g100-eta0.3-fast-s42 / sdlpp_sr_cb / knn
2026-04-11 00:06:07 | INFO     | Split 1/3  train=5954  test=1489
2026-04-11 00:07:29 | INFO     | SDLPP fit: 10/10 iters, stop=max_iter, dim 3072->1843
2026-04-11 00:07:40 | INFO     |   overall=0.4023  balanced=0.1377
2026-04-11 00:07:40 | INFO     | Split 2/3  train=5954  test=1489
2026-04-11 00:09:03 | INFO     | SDLPP fit: 10/10 iters, stop=max_iter, dim 3072->1843
2026-04-11 00:09:14 | INFO     |   overall=0.4097  balanced=0.1390
2026-04-11 00:09:14 | INFO     | Split 3/3  train=5954  test=1489
2026-04-11 00:10:38 | INFO     | SDLPP fit: 10/10 iters, stop=max_iter, dim 3072->1843
2026-04-11 00:10:48 | INFO     |   overall=0.4083  balanced=0.1347
2026-04-11 00:10:48 | INFO     | DONE  [2/8] cifar10-lt-g100-eta0.3-fast-s42 / sdlpp_sr_cb / knn | 281.8s | overall=0.4068  balanced=0.1371
2026-04-11 00:10:48 | INFO     | ======================================================================
2026-04-11 00:10:48 | INFO     | START [3/8] cifar10-lt-g100-eta0.5-fast-s42 / sdlpp_baseline / knn
2026-04-11 00:10:49 | INFO     | Split 1/3  train=5954  test=1489
2026-04-11 00:12:13 | INFO     | SDLPP fit: 10/10 iters, stop=max_iter, dim 3072->1843
2026-04-11 00:12:24 | INFO     |   overall=0.3983  balanced=0.1391
2026-04-11 00:12:24 | INFO     | Split 2/3  train=5954  test=1489
2026-04-11 00:13:47 | INFO     | SDLPP fit: 10/10 iters, stop=max_iter, dim 3072->1843
2026-04-11 00:13:58 | INFO     |   overall=0.4056  balanced=0.1435
2026-04-11 00:13:58 | INFO     | Split 3/3  train=5954  test=1489
2026-04-11 00:15:22 | INFO     | SDLPP fit: 10/10 iters, stop=max_iter, dim 3072->1843
2026-04-11 00:15:32 | INFO     |   overall=0.4056  balanced=0.1365
2026-04-11 00:15:32 | INFO     | DONE  [3/8] cifar10-lt-g100-eta0.5-fast-s42 / sdlpp_baseline / knn | 284.0s | overall=0.4032  balanced=0.1397
2026-04-11 00:15:32 | INFO     | ======================================================================
2026-04-11 00:15:32 | INFO     | START [4/8] cifar10-lt-g100-eta0.5-fast-s42 / sdlpp_sr_cb / knn
2026-04-11 00:15:33 | INFO     | Split 1/3  train=5954  test=1489
2026-04-11 00:16:57 | INFO     | SDLPP fit: 10/10 iters, stop=max_iter, dim 3072->1843
2026-04-11 00:17:07 | INFO     |   overall=0.4318  balanced=0.1457
2026-04-11 00:17:07 | INFO     | Split 2/3  train=5954  test=1489
2026-04-11 00:18:32 | INFO     | SDLPP fit: 10/10 iters, stop=max_iter, dim 3072->1843
2026-04-11 00:18:43 | INFO     |   overall=0.4016  balanced=0.1327
2026-04-11 00:18:43 | INFO     | Split 3/3  train=5954  test=1489
2026-04-11 00:20:07 | INFO     | SDLPP fit: 10/10 iters, stop=max_iter, dim 3072->1843
2026-04-11 00:20:18 | INFO     |   overall=0.4305  balanced=0.1498
2026-04-11 00:20:18 | INFO     | DONE  [4/8] cifar10-lt-g100-eta0.5-fast-s42 / sdlpp_sr_cb / knn | 285.5s | overall=0.4213  balanced=0.1427
2026-04-11 00:20:18 | INFO     | ======================================================================
2026-04-11 00:20:18 | INFO     | START [5/8] cifar10-lt-g200-eta0.3-fast-s42 / sdlpp_baseline / knn
2026-04-11 00:20:18 | INFO     | Split 1/3  train=5379  test=1345
2026-04-11 00:21:35 | INFO     | SDLPP fit: 10/10 iters, stop=max_iter, dim 3072->1843
2026-04-11 00:21:45 | INFO     |   overall=0.4535  balanced=0.1374
2026-04-11 00:21:45 | INFO     | Split 2/3  train=5379  test=1345
2026-04-11 00:23:03 | INFO     | SDLPP fit: 10/10 iters, stop=max_iter, dim 3072->1843
2026-04-11 00:23:14 | INFO     |   overall=0.4312  balanced=0.1312
2026-04-11 00:23:14 | INFO     | Split 3/3  train=5379  test=1345
2026-04-11 00:24:37 | INFO     | SDLPP fit: 10/10 iters, stop=max_iter, dim 3072->1843
2026-04-11 00:24:47 | INFO     |   overall=0.4424  balanced=0.1325
2026-04-11 00:24:47 | INFO     | DONE  [5/8] cifar10-lt-g200-eta0.3-fast-s42 / sdlpp_baseline / knn | 269.6s | overall=0.4424  balanced=0.1337
2026-04-11 00:24:47 | INFO     | ======================================================================
2026-04-11 00:24:47 | INFO     | START [6/8] cifar10-lt-g200-eta0.3-fast-s42 / sdlpp_sr_cb / knn
2026-04-11 00:24:48 | INFO     | Split 1/3  train=5379  test=1345
2026-04-11 00:26:14 | INFO     | SDLPP fit: 10/10 iters, stop=max_iter, dim 3072->1843
2026-04-11 00:26:25 | INFO     |   overall=0.4632  balanced=0.1400
2026-04-11 00:26:25 | INFO     | Split 2/3  train=5379  test=1345
2026-04-11 00:27:52 | INFO     | SDLPP fit: 10/10 iters, stop=max_iter, dim 3072->1843
2026-04-11 00:28:03 | INFO     |   overall=0.4342  balanced=0.1308
2026-04-11 00:28:03 | INFO     | Split 3/3  train=5379  test=1345
2026-04-11 00:29:29 | INFO     | SDLPP fit: 10/10 iters, stop=max_iter, dim 3072->1843
2026-04-11 00:29:40 | INFO     |   overall=0.4625  balanced=0.1390
2026-04-11 00:29:40 | INFO     | DONE  [6/8] cifar10-lt-g200-eta0.3-fast-s42 / sdlpp_sr_cb / knn | 292.1s | overall=0.4533  balanced=0.1366
2026-04-11 00:29:40 | INFO     | ======================================================================
2026-04-11 00:29:40 | INFO     | START [7/8] cifar10-lt-g200-eta0.5-fast-s42 / sdlpp_baseline / knn
2026-04-11 00:29:40 | INFO     | Split 1/3  train=5379  test=1345
2026-04-11 00:31:08 | INFO     | SDLPP fit: 10/10 iters, stop=max_iter, dim 3072->1843
2026-04-11 00:31:23 | INFO     |   overall=0.4483  balanced=0.1373
2026-04-11 00:31:23 | INFO     | Split 2/3  train=5379  test=1345
2026-04-11 00:32:49 | INFO     | SDLPP fit: 10/10 iters, stop=max_iter, dim 3072->1843
2026-04-11 00:32:59 | INFO     |   overall=0.4454  balanced=0.1389
2026-04-11 00:32:59 | INFO     | Split 3/3  train=5379  test=1345
2026-04-11 00:34:25 | INFO     | SDLPP fit: 10/10 iters, stop=max_iter, dim 3072->1843
2026-04-11 00:34:35 | INFO     |   overall=0.4758  balanced=0.1501
2026-04-11 00:34:35 | INFO     | DONE  [7/8] cifar10-lt-g200-eta0.5-fast-s42 / sdlpp_baseline / knn | 295.6s | overall=0.4565  balanced=0.1421
2026-04-11 00:34:35 | INFO     | ======================================================================
2026-04-11 00:34:35 | INFO     | START [8/8] cifar10-lt-g200-eta0.5-fast-s42 / sdlpp_sr_cb / knn
2026-04-11 00:34:35 | INFO     | Split 1/3  train=5379  test=1345
2026-04-11 00:36:02 | INFO     | SDLPP fit: 10/10 iters, stop=max_iter, dim 3072->1843
2026-04-11 00:36:12 | INFO     |   overall=0.4796  balanced=0.1455
2026-04-11 00:36:12 | INFO     | Split 2/3  train=5379  test=1345
2026-04-11 00:37:39 | INFO     | SDLPP fit: 10/10 iters, stop=max_iter, dim 3072->1843
2026-04-11 00:37:50 | INFO     |   overall=0.4446  balanced=0.1305
2026-04-11 00:37:50 | INFO     | Split 3/3  train=5379  test=1345
2026-04-11 00:39:17 | INFO     | SDLPP fit: 10/10 iters, stop=max_iter, dim 3072->1843
2026-04-11 00:39:28 | INFO     |   overall=0.4714  balanced=0.1434
2026-04-11 00:39:28 | INFO     | DONE  [8/8] cifar10-lt-g200-eta0.5-fast-s42 / sdlpp_sr_cb / knn | 293.1s | overall=0.4652  balanced=0.1398
2026-04-11 00:39:28 | INFO     | ======================================================================
2026-04-11 00:39:28 | INFO     | Total wall time: 2279.5s (37.99 min)

======================================================================
CAMPAIGN: cifar_smoke_test  (8 experiments)
======================================================================

Dataset                                  Method          Classifier  overall_acc    balanced_acc   many_acc       medium_acc     few_acc      
----------------------------------------------------------------------------------------------------------------------------------------------
cifar10/cifar10-lt-g100-eta0.3-fast-s42  sdlpp_baseline  knn         0.4063+-0.003  0.1385+-0.001  0.3357+-0.011  0.0140+-0.010  0.0000+-0.000
cifar10/cifar10-lt-g100-eta0.3-fast-s42  sdlpp_sr_cb     knn         0.4068+-0.004  0.1371+-0.002  0.3287+-0.007  0.0188+-0.002  0.0000+-0.000
cifar10/cifar10-lt-g100-eta0.5-fast-s42  sdlpp_baseline  knn         0.4032+-0.004  0.1397+-0.004  0.3373+-0.012  0.0159+-0.005  0.0000+-0.000
cifar10/cifar10-lt-g100-eta0.5-fast-s42  sdlpp_sr_cb     knn         0.4213+-0.017  0.1427+-0.009  0.3433+-0.018  0.0180+-0.020  0.0000+-0.000
cifar10/cifar10-lt-g200-eta0.3-fast-s42  sdlpp_baseline  knn         0.4424+-0.011  0.1337+-0.003  0.3328+-0.006  0.0019+-0.003  0.0000+-0.000
cifar10/cifar10-lt-g200-eta0.3-fast-s42  sdlpp_sr_cb     knn         0.4533+-0.017  0.1366+-0.005  0.3357+-0.016  0.0078+-0.007  0.0000+-0.000
cifar10/cifar10-lt-g200-eta0.5-fast-s42  sdlpp_baseline  knn         0.4565+-0.017  0.1421+-0.007  0.3552+-0.017  0.0000+-0.000  0.0000+-0.000
cifar10/cifar10-lt-g200-eta0.5-fast-s42  sdlpp_sr_cb     knn         0.4652+-0.018  0.1398+-0.008  0.3436+-0.023  0.0078+-0.007  0.0000+-0.000

                                                                                                           (3/3)          (3/3)          (3/3)
                                                                                                           (3/3)          (3/3)          (3/3)
                                                                                                           (3/3)          (3/3)          (3/3)
                                                                                                           (3/3)          (3/3)          (3/3)
                                                                                                           (3/3)          (3/3)          (3/3)
                                                                                                           (3/3)          (3/3)          (3/3)
                                                                                                           (3/3)          (3/3)          (3/3)
                                                                                                           (3/3)          (3/3)          (3/3)
2026-04-11 00:39:28 | INFO     | Campaign summary saved to results/cifar_smoke_test
[2026-04-11 00:39:28] DONE   7s_cifar10_smoke  (OK)
